2025-04-04 06:00:46.781663 - Received CBT.V508.FILE204.PDS from FILE204.XMI 
2025-04-04 06:00:46.782772 - Found $$$#DATE.txt (text/plain) in CBT.V508.FILE204.PDS, moved to PDS/$$$#DATE
2025-04-04 06:00:46.782941 - Found $$DOC.txt (text/plain) in CBT.V508.FILE204.PDS, moved to PDS/$$DOC
2025-04-04 06:00:46.783093 - Found $PDSLOAD.jcl (text/plain) in CBT.V508.FILE204.PDS, moved to PDS/$PDSLOAD
2025-04-04 06:00:46.783267 - Found @FILE204.txt (text/plain) in CBT.V508.FILE204.PDS, moved to PDS/@FILE204
2025-04-04 06:00:46.783389 - Found ASMLVL.txt (text/plain) in CBT.V508.FILE204.PDS, moved to PDS/ASMLVL
2025-04-04 06:00:46.783514 - Found ASMLVLJ.jcl (text/plain) in CBT.V508.FILE204.PDS, moved to PDS/ASMLVLJ
2025-04-04 06:00:46.783717 - Found ASMLVLT.jcl (text/plain) in CBT.V508.FILE204.PDS, moved to PDS/ASMLVLT
2025-04-04 06:00:46.783859 - Found CHANGES.txt (text/plain) in CBT.V508.FILE204.PDS, moved to PDS/CHANGES
2025-04-04 06:00:46.784013 - Found CLIST.txt (text/plain) in CBT.V508.FILE204.PDS, moved to PDS/CLIST
2025-04-04 06:00:46.784140 - Found CNTL.txt (text/plain) in CBT.V508.FILE204.PDS, moved to PDS/CNTL
2025-04-04 06:00:46.784327 - Found IMBEDS.txt (text/plain) in CBT.V508.FILE204.PDS, moved to PDS/IMBEDS
2025-04-04 06:00:46.784456 - Found LEVLLIST.txt (text/plain) in CBT.V508.FILE204.PDS, moved to PDS/LEVLLIST
2025-04-04 06:00:46.784592 - Found MSGS.txt (text/plain) in CBT.V508.FILE204.PDS, moved to PDS/MSGS
2025-04-04 06:00:46.784751 - Found PANELS.txt (text/plain) in CBT.V508.FILE204.PDS, moved to PDS/PANELS
2025-04-04 06:00:46.784882 - Found PARMLIB.txt (text/plain) in CBT.V508.FILE204.PDS, moved to PDS/PARMLIB
2025-04-04 06:00:46.785053 - Found PRMPACKD.txt (text/plain) in CBT.V508.FILE204.PDS, moved to PDS/PRMPACKD
2025-04-04 06:00:46.785181 - Found RESPACKD.txt (text/plain) in CBT.V508.FILE204.PDS, moved to PDS/RESPACKD
2025-04-04 06:00:46.785324 - Found SKELS.txt (text/plain) in CBT.V508.FILE204.PDS, moved to PDS/SKELS
2025-04-04 06:00:46.785499 - Found TABLES.bin (application/octet-stream) in CBT.V508.FILE204.PDS, moved to PDS/TABLES
